This is XeTeX, Version 3.141592653-2.6-0.999997 (TeX Live 2025) (preloaded format=xelatex 2025.3.29)  25 OCT 2025 15:48
entering extended mode
 restricted \write18 enabled.
 %&-line parsing enabled.
**test.tex
(./test.tex
LaTeX2e <2024-11-01> patch level 2
L3 programming layer <2025-01-18>
(/usr/local/texlive/2025/texmf-dist/tex/latex/base/book.cls
Document Class: book 2024/06/29 v1.4n Standard LaTeX document class
(/usr/local/texlive/2025/texmf-dist/tex/latex/base/bk10.clo
File: bk10.clo 2024/06/29 v1.4n Standard LaTeX file (size option)
)
\c@part=\count192
\c@chapter=\count193
\c@section=\count194
\c@subsection=\count195
\c@subsubsection=\count196
\c@paragraph=\count197
\c@subparagraph=\count198
\c@figure=\count199
\c@table=\count266
\abovecaptionskip=\skip49
\belowcaptionskip=\skip50
\bibindent=\dimen141
) (/usr/local/texlive/2025/texmf-dist/tex/latex/base/inputenc.sty
Package: inputenc 2024/02/08 v1.3d Input encoding file
\inpenc@prehook=\toks17
\inpenc@posthook=\toks18

Package inputenc Warning: inputenc package ignored with utf8 based engines.

) (/usr/local/texlive/2025/texmf-dist/tex/latex/ctex/ctex.sty (/usr/local/texli
ve/2025/texmf-dist/tex/latex/l3kernel/expl3.sty
Package: expl3 2025-01-18 L3 programming layer (loader) 
(/usr/local/texlive/2025/texmf-dist/tex/latex/l3backend/l3backend-xetex.def
File: l3backend-xetex.def 2024-05-08 L3 backend support: XeTeX
\g__graphics_track_int=\count267
\l__pdf_internal_box=\box52
\g__pdf_backend_annotation_int=\count268
\g__pdf_backend_link_int=\count269
))
Package: ctex 2022/07/14 v2.5.10 Chinese adapter in LaTeX (CTEX)
(/usr/local/texlive/2025/texmf-dist/tex/latex/ctex/ctexhook.sty
Package: ctexhook 2022/07/14 v2.5.10 Document and package hooks (CTEX)
) (/usr/local/texlive/2025/texmf-dist/tex/latex/ctex/ctexpatch.sty
Package: ctexpatch 2022/07/14 v2.5.10 Patching commands (CTEX)
) (/usr/local/texlive/2025/texmf-dist/tex/latex/base/fix-cm.sty
Package: fix-cm 2020/11/24 v1.1t fixes to LaTeX
(/usr/local/texlive/2025/texmf-dist/tex/latex/base/ts1enc.def
File: ts1enc.def 2001/06/05 v3.0e (jk/car/fm) Standard LaTeX file
LaTeX Font Info:    Redeclaring font encoding TS1 on input line 47.
))
\l__ctex_tmp_int=\count270
\l__ctex_tmp_box=\box53
\l__ctex_tmp_dim=\dimen142
\g__ctex_section_depth_int=\count271
\g__ctex_font_size_int=\count272
(/usr/local/texlive/2025/texmf-dist/tex/latex/ctex/config/ctexopts.cfg
File: ctexopts.cfg 2022/07/14 v2.5.10 Option configuration file (CTEX)
)
(/usr/local/texlive/2025/texmf-dist/tex/latex/ctex/engine/ctex-engine-xetex.def
File: ctex-engine-xetex.def 2022/07/14 v2.5.10 XeLaTeX adapter (CTEX)
(/usr/local/texlive/2025/texmf-dist/tex/xelatex/xecjk/xeCJK.sty
Package: xeCJK 2022/08/05 v3.9.1 Typesetting CJK scripts with XeLaTeX

(/usr/local/texlive/2025/texmf-dist/tex/latex/l3packages/xtemplate/xtemplate.st
y
Package: xtemplate 2024-08-16 L3 Experimental prototype document functions
)
\l__xeCJK_tmp_int=\count273
\l__xeCJK_tmp_box=\box54
\l__xeCJK_tmp_dim=\dimen143
\l__xeCJK_tmp_skip=\skip51
\g__xeCJK_space_factor_int=\count274
\l__xeCJK_begin_int=\count275
\l__xeCJK_end_int=\count276
\c__xeCJK_CJK_class_int=\XeTeXcharclass1
\c__xeCJK_FullLeft_class_int=\XeTeXcharclass2
\c__xeCJK_FullRight_class_int=\XeTeXcharclass3
\c__xeCJK_HalfLeft_class_int=\XeTeXcharclass4
\c__xeCJK_HalfRight_class_int=\XeTeXcharclass5
\c__xeCJK_NormalSpace_class_int=\XeTeXcharclass6
\c__xeCJK_CM_class_int=\XeTeXcharclass7
\c__xeCJK_HangulJamo_class_int=\XeTeXcharclass8
\l__xeCJK_last_skip=\skip52
\c__xeCJK_none_node=\count277
\g__xeCJK_node_int=\count278
\c__xeCJK_CJK_node_dim=\dimen144
\c__xeCJK_CJK-space_node_dim=\dimen145
\c__xeCJK_default_node_dim=\dimen146
\c__xeCJK_CJK-widow_node_dim=\dimen147
\c__xeCJK_normalspace_node_dim=\dimen148
\c__xeCJK_default-space_node_skip=\skip53
\l__xeCJK_ccglue_skip=\skip54
\l__xeCJK_ecglue_skip=\skip55
\l__xeCJK_punct_kern_skip=\skip56
\l__xeCJK_indent_box=\box55
\l__xeCJK_last_penalty_int=\count279
\l__xeCJK_last_bound_dim=\dimen149
\l__xeCJK_last_kern_dim=\dimen150
\l__xeCJK_widow_penalty_int=\count280

LaTeX template Info: Declaring template type 'xeCJK/punctuation' taking 0
(template)           argument(s) on line 2396.

\l__xeCJK_fixed_punct_width_dim=\dimen151
\l__xeCJK_mixed_punct_width_dim=\dimen152
\l__xeCJK_middle_punct_width_dim=\dimen153
\l__xeCJK_fixed_margin_width_dim=\dimen154
\l__xeCJK_mixed_margin_width_dim=\dimen155
\l__xeCJK_middle_margin_width_dim=\dimen156
\l__xeCJK_bound_punct_width_dim=\dimen157
\l__xeCJK_bound_margin_width_dim=\dimen158
\l__xeCJK_margin_minimum_dim=\dimen159
\l__xeCJK_kerning_total_width_dim=\dimen160
\l__xeCJK_same_align_margin_dim=\dimen161
\l__xeCJK_different_align_margin_dim=\dimen162
\l__xeCJK_kerning_margin_width_dim=\dimen163
\l__xeCJK_kerning_margin_minimum_dim=\dimen164
\l__xeCJK_bound_dim=\dimen165
\l__xeCJK_reverse_bound_dim=\dimen166
\l__xeCJK_margin_dim=\dimen167
\l__xeCJK_minimum_bound_dim=\dimen168
\l__xeCJK_kerning_margin_dim=\dimen169
\g__xeCJK_family_int=\count281
\l__xeCJK_fam_int=\count282
\g__xeCJK_fam_allocation_int=\count283
\l__xeCJK_verb_case_int=\count284
\l__xeCJK_verb_exspace_skip=\skip57
(/usr/local/texlive/2025/texmf-dist/tex/latex/fontspec/fontspec.sty (/usr/local
/texlive/2025/texmf-dist/tex/latex/l3packages/xparse/xparse.sty
Package: xparse 2024-08-16 L3 Experimental document command parser
)
Package: fontspec 2024/05/11 v2.9e Font selection for XeLaTeX and LuaLaTeX
(/usr/local/texlive/2025/texmf-dist/tex/latex/fontspec/fontspec-xetex.sty
Package: fontspec-xetex 2024/05/11 v2.9e Font selection for XeLaTeX and LuaLaTe
X
\l__fontspec_script_int=\count285
\l__fontspec_language_int=\count286
\l__fontspec_strnum_int=\count287
\l__fontspec_tmp_int=\count288
\l__fontspec_tmpa_int=\count289
\l__fontspec_tmpb_int=\count290
\l__fontspec_tmpc_int=\count291
\l__fontspec_em_int=\count292
\l__fontspec_emdef_int=\count293
\l__fontspec_strong_int=\count294
\l__fontspec_strongdef_int=\count295
\l__fontspec_tmpa_dim=\dimen170
\l__fontspec_tmpb_dim=\dimen171
\l__fontspec_tmpc_dim=\dimen172
(/usr/local/texlive/2025/texmf-dist/tex/latex/base/fontenc.sty
Package: fontenc 2021/04/29 v2.0v Standard LaTeX package
) (/usr/local/texlive/2025/texmf-dist/tex/latex/fontspec/fontspec.cfg))) (/usr/
local/texlive/2025/texmf-dist/tex/xelatex/xecjk/xeCJK.cfg
File: xeCJK.cfg 2022/08/05 v3.9.1 Configuration file for xeCJK package
))
\ccwd=\dimen173
\l__ctex_ccglue_skip=\skip58
)
\l__ctex_ziju_dim=\dimen174
(/usr/local/texlive/2025/texmf-dist/tex/latex/zhnumber/zhnumber.sty
Package: zhnumber 2022/07/14 v3.0 Typesetting numbers with Chinese glyphs
\l__zhnum_scale_int=\count296
\l__zhnum_tmp_int=\count297
(/usr/local/texlive/2025/texmf-dist/tex/latex/zhnumber/zhnumber-utf8.cfg
File: zhnumber-utf8.cfg 2022/07/14 v3.0 Chinese numerals with UTF8 encoding
))
(/usr/local/texlive/2025/texmf-dist/tex/latex/ctex/scheme/ctex-scheme-chinese.d
ef
File: ctex-scheme-chinese.def 2022/07/14 v2.5.10 Chinese scheme for generic (CT
EX)
(/usr/local/texlive/2025/texmf-dist/tex/latex/ctex/config/ctex-name-utf8.cfg
File: ctex-name-utf8.cfg 2022/07/14 v2.5.10 Caption with encoding UTF-8 (CTEX)
)) (/usr/local/texlive/2025/texmf-dist/tex/latex/tools/indentfirst.sty
Package: indentfirst 2023/07/02 v1.03 Indent first paragraph (DPC)
)
(/usr/local/texlive/2025/texmf-dist/tex/latex/ctex/fontset/ctex-fontset-mac.def
File: ctex-fontset-mac.def 2022/07/14 v2.5.10 macOS fonts definition (CTEX)

(/usr/local/texlive/2025/texmf-dist/tex/latex/ctex/fontset/ctex-fontset-macold.
def
File: ctex-fontset-macold.def 2022/07/14 v2.5.10 macOS fonts definition for Yos
emite or earlier version (CTEX)

Package fontspec Info: 
(fontspec)             Script 'CJK' not explicitly supported within font
(fontspec)             'STSong'. Check the typeset output, and if it is okay
(fontspec)             then ignore this warning. Otherwise a different font
(fontspec)             should be chosen.


Package fontspec Info: 
(fontspec)             Could not resolve font "STKaiti/B" (it probably doesn't
(fontspec)             exist).


Package fontspec Info: 
(fontspec)             Could not resolve font "STHeiti/I" (it probably doesn't
(fontspec)             exist).


Package fontspec Info: 
(fontspec)             Could not resolve font "STSong/BI" (it probably doesn't
(fontspec)             exist).


! Package fontspec Error: 
(fontspec)                The font "STHeiti" cannot be found; this may be
(fontspec)                but usually is not a fontspec bug. Either there is
(fontspec)                a typo in the font name/file, the font is not
(fontspec)                installed (correctly), or there is a bug in the
(fontspec)                underlying font loading engine (XeTeX/luaotfload).

For immediate help type H <return>.
 ...                                              
                                                  
l.44   }
        

A font might not be found for many reasons.
 Check the spelling, where the font is installed etc. etc.

 When in doubt, ask someone for help!



! Package fontspec Error: 
(fontspec)                The font "STHeiti" cannot be found; this may be
(fontspec)                but usually is not a fontspec bug. Either there is
(fontspec)                a typo in the font name/file, the font is not
(fontspec)                installed (correctly), or there is a bug in the
(fontspec)                underlying font loading engine (XeTeX/luaotfload).

For immediate help type H <return>.
 ...                                              
                                                  
l.44   }
        

A font might not be found for many reasons.
 Check the spelling, where the font is installed etc. etc.

 When in doubt, ask someone for help!


! Cannot use \XeTeXOTcountfeatures with nullfont; not an OpenType Layout font.
<argument> \XeTeXOTcountfeatures \l_fontspec_font 
                                                  \l__fontspec_script_int \l...
l.44   }
        

! Cannot use \XeTeXOTfeaturetag with nullfont; not an OpenType Layout font.
<argument> ...\XeTeXOTfeaturetag \l_fontspec_font 
                                                  \l__fontspec_script_int \l...
l.44   }
        

! Missing = inserted for \ifnum.
<to be read again> 
                   \l__fontspec_script_int 
l.44   }
        
I was expecting to see `<', `=', or `>'. Didn't.

! Cannot use \XeTeXOTfeaturetag with nullfont; not an OpenType Layout font.
<argument> ...\XeTeXOTfeaturetag \l_fontspec_font 
                                                  \l__fontspec_script_int \l...
l.44   }
        

! Missing = inserted for \ifnum.
<to be read again> 
                   \l__fontspec_script_int 
l.44   }
        
I was expecting to see `<', `=', or `>'. Didn't.

! Cannot use \XeTeXOTfeaturetag with nullfont; not an OpenType Layout font.
<argument> ...\XeTeXOTfeaturetag \l_fontspec_font 
                                                  \l__fontspec_script_int \l...
l.44   }
        

! Missing = inserted for \ifnum.
<to be read again> 
                   \l__fontspec_script_int 
l.44   }
        
I was expecting to see `<', `=', or `>'. Didn't.

! Cannot use \XeTeXOTfeaturetag with nullfont; not an OpenType Layout font.
<argument> ...\XeTeXOTfeaturetag \l_fontspec_font 
                                                  \l__fontspec_script_int \l...
l.44   }
        

! Missing = inserted for \ifnum.
<to be read again> 
                   \l__fontspec_script_int 
l.44   }
        
I was expecting to see `<', `=', or `>'. Didn't.

! Cannot use \XeTeXOTfeaturetag with nullfont; not an OpenType Layout font.
<argument> ...\XeTeXOTfeaturetag \l_fontspec_font 
                                                  \l__fontspec_script_int \l...
l.44   }
        

! Missing = inserted for \ifnum.
<to be read again> 
                   \l__fontspec_script_int 
l.44   }
        
I was expecting to see `<', `=', or `>'. Didn't.

! Cannot use \XeTeXOTfeaturetag with nullfont; not an OpenType Layout font.
<argument> ...\XeTeXOTfeaturetag \l_fontspec_font 
                                                  \l__fontspec_script_int \l...
l.44   }
        

! Missing = inserted for \ifnum.
<to be read again> 
                   \l__fontspec_script_int 
l.44   }
        
I was expecting to see `<', `=', or `>'. Didn't.

! Cannot use \XeTeXOTfeaturetag with nullfont; not an OpenType Layout font.
<argument> ...\XeTeXOTfeaturetag \l_fontspec_font 
                                                  \l__fontspec_script_int \l...
l.44   }
        

! Missing = inserted for \ifnum.
<to be read again> 
                   \l__fontspec_script_int 
l.44   }
        
I was expecting to see `<', `=', or `>'. Didn't.

! Cannot use \XeTeXOTfeaturetag with nullfont; not an OpenType Layout font.
<argument> ...\XeTeXOTfeaturetag \l_fontspec_font 
                                                  \l__fontspec_script_int \l...
l.44   }
        

! Missing = inserted for \ifnum.
<to be read again> 
                   \l__fontspec_script_int 
l.44   }
        
I was expecting to see `<', `=', or `>'. Didn't.

! Cannot use \XeTeXOTfeaturetag with nullfont; not an OpenType Layout font.
<argument> ...\XeTeXOTfeaturetag \l_fontspec_font 
                                                  \l__fontspec_script_int \l...
l.44   }
        

! Missing = inserted for \ifnum.
<to be read again> 
                   \l__fontspec_script_int 
l.44   }
        
I was expecting to see `<', `=', or `>'. Didn't.

! Cannot use \XeTeXOTfeaturetag with nullfont; not an OpenType Layout font.
<argument> ...\XeTeXOTfeaturetag \l_fontspec_font 
                                                  \l__fontspec_script_int \l...
l.44   }
        

! Missing = inserted for \ifnum.
<to be read again> 
                   \l__fontspec_script_int 
l.44   }
        
I was expecting to see `<', `=', or `>'. Didn't.

! Cannot use \XeTeXOTfeaturetag with nullfont; not an OpenType Layout font.
<argument> ...\XeTeXOTfeaturetag \l_fontspec_font 
                                                  \l__fontspec_script_int \l...
l.44   }
        

! Missing = inserted for \ifnum.
<to be read again> 
                   \l__fontspec_script_int 
l.44   }
        
I was expecting to see `<', `=', or `>'. Didn't.

! Cannot use \XeTeXOTfeaturetag with nullfont; not an OpenType Layout font.
<argument> ...\XeTeXOTfeaturetag \l_fontspec_font 
                                                  \l__fontspec_script_int \l...
l.44   }
        

! Missing = inserted for \ifnum.
<to be read again> 
                   \l__fontspec_script_int 
l.44   }
        
I was expecting to see `<', `=', or `>'. Didn't.

! Cannot use \XeTeXOTfeaturetag with nullfont; not an OpenType Layout font.
<argument> ...\XeTeXOTfeaturetag \l_fontspec_font 
                                                  \l__fontspec_script_int \l...
l.44   }
        

! Missing = inserted for \ifnum.
<to be read again> 
                   \l__fontspec_script_int 
l.44   }
        
I was expecting to see `<', `=', or `>'. Didn't.

! Cannot use \XeTeXOTfeaturetag with nullfont; not an OpenType Layout font.
<argument> ...\XeTeXOTfeaturetag \l_fontspec_font 
                                                  \l__fontspec_script_int \l...
l.44   }
        

! Missing = inserted for \ifnum.
<to be read again> 
                   \l__fontspec_script_int 
l.44   }
        
I was expecting to see `<', `=', or `>'. Didn't.

! Cannot use \XeTeXOTfeaturetag with nullfont; not an OpenType Layout font.
<argument> ...\XeTeXOTfeaturetag \l_fontspec_font 
                                                  \l__fontspec_script_int \l...
l.44   }
        

! Missing = inserted for \ifnum.
<to be read again> 
                   \l__fontspec_script_int 
l.44   }
        
I was expecting to see `<', `=', or `>'. Didn't.

! Cannot use \XeTeXOTfeaturetag with nullfont; not an OpenType Layout font.
<argument> ...\XeTeXOTfeaturetag \l_fontspec_font 
                                                  \l__fontspec_script_int \l...
l.44   }
        

! Missing = inserted for \ifnum.
<to be read again> 
                   \l__fontspec_script_int 
l.44   }
        
I was expecting to see `<', `=', or `>'. Didn't.

! Cannot use \XeTeXOTfeaturetag with nullfont; not an OpenType Layout font.
<argument> ...\XeTeXOTfeaturetag \l_fontspec_font 
                                                  \l__fontspec_script_int \l...
l.44   }
        

! Missing = inserted for \ifnum.
<to be read again> 
                   \l__fontspec_script_int 
l.44   }
        
I was expecting to see `<', `=', or `>'. Didn't.

! Cannot use \XeTeXOTfeaturetag with nullfont; not an OpenType Layout font.
<argument> ...\XeTeXOTfeaturetag \l_fontspec_font 
                                                  \l__fontspec_script_int \l...
l.44   }
        

! Missing = inserted for \ifnum.
<to be read again> 
                   \l__fontspec_script_int 
l.44   }
        
I was expecting to see `<', `=', or `>'. Didn't.

! Cannot use \XeTeXOTfeaturetag with nullfont; not an OpenType Layout font.
<argument> ...\XeTeXOTfeaturetag \l_fontspec_font 
                                                  \l__fontspec_script_int \l...
l.44   }
        

! Missing = inserted for \ifnum.
<to be read again> 
                   \l__fontspec_script_int 
l.44   }
        
I was expecting to see `<', `=', or `>'. Didn't.

! Cannot use \XeTeXOTfeaturetag with nullfont; not an OpenType Layout font.
<argument> ...\XeTeXOTfeaturetag \l_fontspec_font 
                                                  \l__fontspec_script_int \l...
l.44   }
        

! Missing = inserted for \ifnum.
<to be read again> 
                   \l__fontspec_script_int 
l.44   }
        
I was expecting to see `<', `=', or `>'. Didn't.

! Cannot use \XeTeXOTfeaturetag with nullfont; not an OpenType Layout font.
<argument> ...\XeTeXOTfeaturetag \l_fontspec_font 
                                                  \l__fontspec_script_int \l...
l.44   }
        

! Missing = inserted for \ifnum.
<to be read again> 
                   \l__fontspec_script_int 
l.44   }
        
I was expecting to see `<', `=', or `>'. Didn't.

! Cannot use \XeTeXOTfeaturetag with nullfont; not an OpenType Layout font.
<argument> ...\XeTeXOTfeaturetag \l_fontspec_font 
                                                  \l__fontspec_script_int \l...
l.44   }
        

! Missing = inserted for \ifnum.
<to be read again> 
                   \l__fontspec_script_int 
l.44   }
        
I was expecting to see `<', `=', or `>'. Didn't.

! Cannot use \XeTeXOTfeaturetag with nullfont; not an OpenType Layout font.
<argument> ...\XeTeXOTfeaturetag \l_fontspec_font 
                                                  \l__fontspec_script_int \l...
l.44   }
        

! Missing = inserted for \ifnum.
<to be read again> 
                   \l__fontspec_script_int 
l.44   }
        
I was expecting to see `<', `=', or `>'. Didn't.

! Cannot use \XeTeXOTfeaturetag with nullfont; not an OpenType Layout font.
<argument> ...\XeTeXOTfeaturetag \l_fontspec_font 
                                                  \l__fontspec_script_int \l...
l.44   }
        

! Missing = inserted for \ifnum.
<to be read again> 
                   \l__fontspec_script_int 
l.44   }
        
I was expecting to see `<', `=', or `>'. Didn't.

! Cannot use \XeTeXOTfeaturetag with nullfont; not an OpenType Layout font.
<argument> ...\XeTeXOTfeaturetag \l_fontspec_font 
                                                  \l__fontspec_script_int \l...
l.44   }
        

! Missing = inserted for \ifnum.
<to be read again> 
                   \l__fontspec_script_int 
l.44   }
        
I was expecting to see `<', `=', or `>'. Didn't.

! Cannot use \XeTeXOTfeaturetag with nullfont; not an OpenType Layout font.
<argument> ...\XeTeXOTfeaturetag \l_fontspec_font 
                                                  \l__fontspec_script_int \l...
l.44   }
        

! Missing = inserted for \ifnum.
<to be read again> 
                   \l__fontspec_script_int 
l.44   }
        
I was expecting to see `<', `=', or `>'. Didn't.

! Cannot use \XeTeXOTfeaturetag with nullfont; not an OpenType Layout font.
<argument> ...\XeTeXOTfeaturetag \l_fontspec_font 
                                                  \l__fontspec_script_int \l...
l.44   }
        

! Missing = inserted for \ifnum.
<to be read again> 
                   \l__fontspec_script_int 
l.44   }
        
I was expecting to see `<', `=', or `>'. Didn't.

! Cannot use \XeTeXOTfeaturetag with nullfont; not an OpenType Layout font.
<argument> ...\XeTeXOTfeaturetag \l_fontspec_font 
                                                  \l__fontspec_script_int \l...
l.44   }
        

! Missing = inserted for \ifnum.
<to be read again> 
                   \l__fontspec_script_int 
l.44   }
        
I was expecting to see `<', `=', or `>'. Didn't.

! Cannot use \XeTeXOTfeaturetag with nullfont; not an OpenType Layout font.
<argument> ...\XeTeXOTfeaturetag \l_fontspec_font 
                                                  \l__fontspec_script_int \l...
l.44   }
        

! Missing = inserted for \ifnum.
<to be read again> 
                   \l__fontspec_script_int 
l.44   }
        
I was expecting to see `<', `=', or `>'. Didn't.

! Cannot use \XeTeXOTfeaturetag with nullfont; not an OpenType Layout font.
<argument> ...\XeTeXOTfeaturetag \l_fontspec_font 
                                                  \l__fontspec_script_int \l...
l.44   }
        

! Missing = inserted for \ifnum.
<to be read again> 
                   \l__fontspec_script_int 
l.44   }
        
I was expecting to see `<', `=', or `>'. Didn't.

! Cannot use \XeTeXOTfeaturetag with nullfont; not an OpenType Layout font.
<argument> ...\XeTeXOTfeaturetag \l_fontspec_font 
                                                  \l__fontspec_script_int \l...
l.44   }
        

! Missing = inserted for \ifnum.
<to be read again> 
                   \l__fontspec_script_int 
l.44   }
        
I was expecting to see `<', `=', or `>'. Didn't.

! Cannot use \XeTeXOTfeaturetag with nullfont; not an OpenType Layout font.
<argument> ...\XeTeXOTfeaturetag \l_fontspec_font 
                                                  \l__fontspec_script_int \l...
l.44   }
        

! Missing = inserted for \ifnum.
<to be read again> 
                   \l__fontspec_script_int 
l.44   }
        
I was expecting to see `<', `=', or `>'. Didn't.

! Cannot use \XeTeXOTfeaturetag with nullfont; not an OpenType Layout font.
<argument> ...\XeTeXOTfeaturetag \l_fontspec_font 
                                                  \l__fontspec_script_int \l...
l.44   }
        

! Missing = inserted for \ifnum.
<to be read again> 
                   \l__fontspec_script_int 
l.44   }
        
I was expecting to see `<', `=', or `>'. Didn't.

! Cannot use \XeTeXOTfeaturetag with nullfont; not an OpenType Layout font.
<argument> ...\XeTeXOTfeaturetag \l_fontspec_font 
                                                  \l__fontspec_script_int \l...
l.44   }
        

! Missing = inserted for \ifnum.
<to be read again> 
                   \l__fontspec_script_int 
l.44   }
        
I was expecting to see `<', `=', or `>'. Didn't.

! Cannot use \XeTeXOTfeaturetag with nullfont; not an OpenType Layout font.
<argument> ...\XeTeXOTfeaturetag \l_fontspec_font 
                                                  \l__fontspec_script_int \l...
l.44   }
        

! Missing = inserted for \ifnum.
<to be read again> 
                   \l__fontspec_script_int 
l.44   }
        
I was expecting to see `<', `=', or `>'. Didn't.

! Cannot use \XeTeXOTfeaturetag with nullfont; not an OpenType Layout font.
<argument> ...\XeTeXOTfeaturetag \l_fontspec_font 
                                                  \l__fontspec_script_int \l...
l.44   }
        

! Missing = inserted for \ifnum.
<to be read again> 
                   \l__fontspec_script_int 
l.44   }
        
I was expecting to see `<', `=', or `>'. Didn't.

! Cannot use \XeTeXOTfeaturetag with nullfont; not an OpenType Layout font.
<argument> ...\XeTeXOTfeaturetag \l_fontspec_font 
                                                  \l__fontspec_script_int \l...
l.44   }
        

! Missing = inserted for \ifnum.
<to be read again> 
                   \l__fontspec_script_int 
l.44   }
        
I was expecting to see `<', `=', or `>'. Didn't.

! Cannot use \XeTeXOTfeaturetag with nullfont; not an OpenType Layout font.
<argument> ...\XeTeXOTfeaturetag \l_fontspec_font 
                                                  \l__fontspec_script_int \l...
l.44   }
        

! Missing = inserted for \ifnum.
<to be read again> 
                   \l__fontspec_script_int 
l.44   }
        
I was expecting to see `<', `=', or `>'. Didn't.

! Cannot use \XeTeXOTfeaturetag with nullfont; not an OpenType Layout font.
<argument> ...\XeTeXOTfeaturetag \l_fontspec_font 
                                                  \l__fontspec_script_int \l...
l.44   }
        

! Missing = inserted for \ifnum.
<to be read again> 
                   \l__fontspec_script_int 
l.44   }
        
I was expecting to see `<', `=', or `>'. Didn't.

! Cannot use \XeTeXOTfeaturetag with nullfont; not an OpenType Layout font.
<argument> ...\XeTeXOTfeaturetag \l_fontspec_font 
                                                  \l__fontspec_script_int \l...
l.44   }
        

! Missing = inserted for \ifnum.
<to be read again> 
                   \l__fontspec_script_int 
l.44   }
        
I was expecting to see `<', `=', or `>'. Didn't.

! Cannot use \XeTeXOTfeaturetag with nullfont; not an OpenType Layout font.
<argument> ...\XeTeXOTfeaturetag \l_fontspec_font 
                                                  \l__fontspec_script_int \l...
l.44   }
        

! Missing = inserted for \ifnum.
<to be read again> 
                   \l__fontspec_script_int 
l.44   }
        
I was expecting to see `<', `=', or `>'. Didn't.

! Cannot use \XeTeXOTfeaturetag with nullfont; not an OpenType Layout font.
<argument> ...\XeTeXOTfeaturetag \l_fontspec_font 
                                                  \l__fontspec_script_int \l...
l.44   }
        

! Missing = inserted for \ifnum.
<to be read again> 
                   \l__fontspec_script_int 
l.44   }
        
I was expecting to see `<', `=', or `>'. Didn't.

! Cannot use \XeTeXOTfeaturetag with nullfont; not an OpenType Layout font.
<argument> ...\XeTeXOTfeaturetag \l_fontspec_font 
                                                  \l__fontspec_script_int \l...
l.44   }
        

! Missing = inserted for \ifnum.
<to be read again> 
                   \l__fontspec_script_int 
l.44   }
        
I was expecting to see `<', `=', or `>'. Didn't.

! Cannot use \XeTeXOTfeaturetag with nullfont; not an OpenType Layout font.
<argument> ...\XeTeXOTfeaturetag \l_fontspec_font 
                                                  \l__fontspec_script_int \l...
l.44   }
        

! Missing = inserted for \ifnum.
<to be read again> 
                   \l__fontspec_script_int 
l.44   }
        
I was expecting to see `<', `=', or `>'. Didn't.

! Cannot use \XeTeXOTfeaturetag with nullfont; not an OpenType Layout font.
<argument> ...\XeTeXOTfeaturetag \l_fontspec_font 
                                                  \l__fontspec_script_int \l...
l.44   }
        

! Missing = inserted for \ifnum.
<to be read again> 
                   \l__fontspec_script_int 
l.44   }
        
I was expecting to see `<', `=', or `>'. Didn't.

! Cannot use \XeTeXOTfeaturetag with nullfont; not an OpenType Layout font.
<argument> ...\XeTeXOTfeaturetag \l_fontspec_font 
                                                  \l__fontspec_script_int \l...
l.44   }
        

! Missing = inserted for \ifnum.
<to be read again> 
                   \l__fontspec_script_int 
l.44   }
        
I was expecting to see `<', `=', or `>'. Didn't.

! Cannot use \XeTeXOTfeaturetag with nullfont; not an OpenType Layout font.
<argument> ...\XeTeXOTfeaturetag \l_fontspec_font 
                                                  \l__fontspec_script_int \l...
l.44   }
        

! Missing = inserted for \ifnum.
<to be read again> 
                   \l__fontspec_script_int 
l.44   }
        
I was expecting to see `<', `=', or `>'. Didn't.

! Cannot use \XeTeXOTfeaturetag with nullfont; not an OpenType Layout font.
<argument> ...\XeTeXOTfeaturetag \l_fontspec_font 
                                                  \l__fontspec_script_int \l...
l.44   }
        

! Missing = inserted for \ifnum.
<to be read again> 
                   \l__fontspec_script_int 
l.44   }
        
I was expecting to see `<', `=', or `>'. Didn't.

! Cannot use \XeTeXOTfeaturetag with nullfont; not an OpenType Layout font.
<argument> ...\XeTeXOTfeaturetag \l_fontspec_font 
                                                  \l__fontspec_script_int \l...
l.44   }
        
(That makes 100 errors; please try again.) 
Here is how much of TeX's memory you used:
 5690 strings out of 473832
 176067 string characters out of 5729481
 594522 words of memory out of 5000000
 28747 multiletter control sequences out of 15000+600000
 560543 words of font info for 46 fonts, out of 8000000 for 9000
 1348 hyphenation exceptions out of 8191
 93i,0n,114p,368b,258s stack positions out of 10000i,1000n,20000p,200000b,200000s

No pages of output.
